C:\WINDOWS\system32>z:

Z:\>cd z:/prerit op ameta\github

z:\Prerit OP Ameta\GitHub>git status
On branch master
nothing to commit, working tree clean

z:\Prerit OP Ameta\GitHub>git status
On branch master
Changes not staged for commit:
  (use "git add <file>..." to update what will be committed)
  (use "git restore <file>..." to discard changes in working directory)
        modified:   Sample.txt

no changes added to commit (use "git add" and/or "git commit -a")

z:\Prerit OP Ameta\GitHub>git init
Reinitialized existing Git repository in Z:/Prerit OP Ameta/GitHub/.git/

z:\Prerit OP Ameta\GitHub>git add Sample.txt

z:\Prerit OP Ameta\GitHub>git commit -m "initial Commit"
[master 6f14419] initial Commit
 1 file changed, 1 insertion(+), 1 deletion(-)

z:\Prerit OP Ameta\GitHub>git remote add origin https://github.com/preritopameta/sample.git
fatal: remote origin already exists.

z:\Prerit OP Ameta\GitHub>git remote set-url origin https://github.com/preritopameta/sample.git

z:\Prerit OP Ameta\GitHub>git push -u origin master
Enumerating objects: 6, done.
Counting objects: 100% (6/6), done.
Delta compression using up to 8 threads
Compressing objects: 100% (2/2), done.
Writing objects: 100% (6/6), 483 bytes | 483.00 KiB/s, done.
Total 6 (delta 0), reused 0 (delta 0), pack-reused 0
To https://github.com/preritopameta/sample.git
 * [new branch]      master -> master
Branch 'master' set up to track remote branch 'master' from 'origin'.

z:\Prerit OP Ameta\GitHub>